// Jest Snapshot v1, https://goo.gl/fbAQLP

exports[`NavBar should match the navbar snapshot with logged in user mtsamis 1`] = `
Object {
  "asFragment": [Function],
  "baseElement": <body>
    <div>
      <div>
        <div
          class="navbar"
        >
          <div
            class="navbar-item navbar-brand"
            id="navbar"
          >
            The Poll-utor
          </div>
          <div
            class="navbar-item"
          >
            <a
              aria-current="page"
              class="active"
              exact="true"
              href="/"
            >
              Dashboard
            </a>
          </div>
          <div
            class="navbar-item"
          >
            <a
              class=""
              exact="true"
              href="/leaderboard"
            >
              Leaderboard
            </a>
          </div>
          <div
            class="navbar-item navbar-highlight"
          >
            <a
              class=""
              exact="true"
              href="/add"
            >
              New poll
            </a>
          </div>
        </div>
        <div
          class="navbar-user"
        >
          <div
            class="navbar-item"
          >
            Logged in as: 
            <img
              alt="img"
              src="https://www.gravatar.com/avatar/00000000000000000000000000000000?d=retro&f=y"
              valign="middle"
              width="25"
            />
             
            mtsamis
          </div>
          <div
            class="navbar-item navbar-highlight"
          >
            <a
              href="#"
            >
              Logout
            </a>
          </div>
        </div>
      </div>
    </div>
  </body>,
  "container": <div>
    <div>
      <div
        class="navbar"
      >
        <div
          class="navbar-item navbar-brand"
          id="navbar"
        >
          The Poll-utor
        </div>
        <div
          class="navbar-item"
        >
          <a
            aria-current="page"
            class="active"
            exact="true"
            href="/"
          >
            Dashboard
          </a>
        </div>
        <div
          class="navbar-item"
        >
          <a
            class=""
            exact="true"
            href="/leaderboard"
          >
            Leaderboard
          </a>
        </div>
        <div
          class="navbar-item navbar-highlight"
        >
          <a
            class=""
            exact="true"
            href="/add"
          >
            New poll
          </a>
        </div>
      </div>
      <div
        class="navbar-user"
      >
        <div
          class="navbar-item"
        >
          Logged in as: 
          <img
            alt="img"
            src="https://www.gravatar.com/avatar/00000000000000000000000000000000?d=retro&f=y"
            valign="middle"
            width="25"
          />
           
          mtsamis
        </div>
        <div
          class="navbar-item navbar-highlight"
        >
          <a
            href="#"
          >
            Logout
          </a>
        </div>
      </div>
    </div>
  </div>,
  "debug": [Function],
  "findAllByAltText": [Function],
  "findAllByDisplayValue": [Function],
  "findAllByLabelText": [Function],
  "findAllByPlaceholderText": [Function],
  "findAllByRole": [Function],
  "findAllByTestId": [Function],
  "findAllByText": [Function],
  "findAllByTitle": [Function],
  "findByAltText": [Function],
  "findByDisplayValue": [Function],
  "findByLabelText": [Function],
  "findByPlaceholderText": [Function],
  "findByRole": [Function],
  "findByTestId": [Function],
  "findByText": [Function],
  "findByTitle": [Function],
  "getAllByAltText": [Function],
  "getAllByDisplayValue": [Function],
  "getAllByLabelText": [Function],
  "getAllByPlaceholderText": [Function],
  "getAllByRole": [Function],
  "getAllByTestId": [Function],
  "getAllByText": [Function],
  "getAllByTitle": [Function],
  "getByAltText": [Function],
  "getByDisplayValue": [Function],
  "getByLabelText": [Function],
  "getByPlaceholderText": [Function],
  "getByRole": [Function],
  "getByTestId": [Function],
  "getByText": [Function],
  "getByTitle": [Function],
  "queryAllByAltText": [Function],
  "queryAllByDisplayValue": [Function],
  "queryAllByLabelText": [Function],
  "queryAllByPlaceholderText": [Function],
  "queryAllByRole": [Function],
  "queryAllByTestId": [Function],
  "queryAllByText": [Function],
  "queryAllByTitle": [Function],
  "queryByAltText": [Function],
  "queryByDisplayValue": [Function],
  "queryByLabelText": [Function],
  "queryByPlaceholderText": [Function],
  "queryByRole": [Function],
  "queryByTestId": [Function],
  "queryByText": [Function],
  "queryByTitle": [Function],
  "rerender": [Function],
  "unmount": [Function],
}
`;
